// Jest Snapshot v1, https://goo.gl/fbAQLP

exports[`should test for sign up  1`] = `
<div
  class="form-box"
>
  <div
    class="head"
    name="signUpForm"
  >
    SignUp Form
  </div>
  <form>
    <div
      class="form-group"
    >
      <label
        class="label-control"
        for="firstName"
      >
        First Name
      </label>
      <input
        id="firstName"
        name="firstName"
        placeholder="User Name"
        type="text"
        value=""
      />
    </div>
    <div
      class="form-group"
    >
      <label
        class="label-control"
        for="lastName"
      >
        Last Name
      </label>
      <input
        id="lastName"
        name="lastName"
        placeholder="User Name"
        type="text"
        value=""
      />
    </div>
    <div
      class="form-group"
    >
      <label
        class="label-control"
        for="email"
      >
        Email
      </label>
      <input
        id="email"
        name="email"
        placeholder="User Name"
        type="text"
        value=""
      />
    </div>
    <div
      class="form-group"
    >
      <label
        class="label-control"
        for="password"
      >
        Password
      </label>
      <input
        id="password"
        name="password"
        placeholder="password"
        type="password"
        value=""
      />
    </div>
    <input
      class="btn"
      name="Submit"
      type="submit"
      value="Submit"
    />
  </form>
</div>
`;
